PS C:\Users\t_sai> cd C:\Users\t_sai\OneDrive\デスクトップ\練習
PS C:\Users\t_sai\OneDrive\デスクトップ\練習> mkdir git_challenge


    ディレクトリ: C:\Users\t_sai\OneDrive\デスクトップ\練習


Mode                 LastWriteTime         Length Name
----                 -------------         ------ ----
d-----        2023/08/18     11:28                git_challenge


PS C:\Users\t_sai\OneDrive\デスクトップ\練習> cd C:\Users\t_sai\OneDrive\デスクトップ\練習\git_challenge
PS C:\Users\t_sai\OneDrive\デスクトップ\練習\git_challenge> git init
Initialized empty Git repository in C:/Users/t_sai/OneDrive/デスクトップ/練習/git_challenge/.git/
PS C:\Users\t_sai\OneDrive\デスクトップ\練習\git_challenge> echo "Hello, world!" >>hello_world.txt
PS C:\Users\t_sai\OneDrive\デスクトップ\練習\git_challenge> git add hello_world.txt
PS C:\Users\t_sai\OneDrive\デスクトップ\練習\git_challenge> git commit -m "hello_world.txtを追加"
[main (root-commit) 63ad6a4] hello_world.txtを追加
 1 file changed, 0 insertions(+), 0 deletions(-)
 create mode 100644 hello_world.txt
PS C:\Users\t_sai\OneDrive\デスクトップ\練習\git_challenge> echo "こんにちは、世界！" >>hello_world.txt
PS C:\Users\t_sai\OneDrive\デスクトップ\練習\git_challenge> git add hello_world.txt
PS C:\Users\t_sai\OneDrive\デスクトップ\練習\git_challenge> git commit -m "日本語訳を追記"
[main 005a171] 日本語訳を追記
 1 file changed, 0 insertions(+), 0 deletions(-)
PS C:\Users\t_sai\OneDrive\デスクトップ\練習\git_challenge> git log --oneline
005a171 (HEAD -> main) 日本語訳を追記
63ad6a4 hello_world.txtを追加
PS C:\Users\t_sai\OneDrive\デスクトップ\練習\git_challenge> 